﻿
> mindbridge-v2@1.0.0 build
> vite build

[36mvite v5.4.21 [32mbuilding for production...[36m[39m
transforming...
[32mΓ£ô[39m 24 modules transformed.
node.exe : [31mx[39m Build failed in 904ms
At line:1 char:1
+ & "C:\Program Files\nodejs/node.exe" "C:\Program 
Files\nodejs/node_mo ...
+ ~~~~~~~~~~~~~~~~~~~~~~~~~~~~~~~~~~~~~~~~~~~~~~~~~~~
~~~~~~~~~~~~~~~~~~
    + CategoryInfo          : NotSpecified: ([31mx 
   [39m Build failed in 904ms:String) [], RemoteExc  
  eption
    + FullyQualifiedErrorId : NativeCommandError
 
[31merror during build:
[31m[vite:define] Transform failed with 1 error:
C:/Users/Lenovo/OneDrive/Desktop/mindbridge-v2/src/fi
rebase.js:41:9: ERROR: The symbol "signInWithPopup" 
has already been declared[31m
file: [36mC:/Users/Lenovo/OneDrive/Desktop/mindbridg
e-v2/src/firebase.js[31m
    at failureErrorWithLog (C:\Users\Lenovo\OneDrive\
Desktop\mindbridge-v2\node_modules\esbuild\lib\main.j
s:1472:15)
    at C:\Users\Lenovo\OneDrive\Desktop\mindbridge-v2
\node_modules\esbuild\lib\main.js:755:50
    at responseCallbacks.<computed> (C:\Users\Lenovo\
OneDrive\Desktop\mindbridge-v2\node_modules\esbuild\l
ib\main.js:622:9)
    at handleIncomingPacket (C:\Users\Lenovo\OneDrive
\Desktop\mindbridge-v2\node_modules\esbuild\lib\main.
js:677:12)
    at Socket.readFromStdout (C:\Users\Lenovo\OneDriv
e\Desktop\mindbridge-v2\node_modules\esbuild\lib\main
.js:600:7)
    at Socket.emit (node:events:508:28)
    at addChunk 
(node:internal/streams/readable:559:12)
    at readableAddChunkPushByteMode 
(node:internal/streams/readable:510:3)
    at Readable.push 
(node:internal/streams/readable:390:5)
    at Pipe.onStreamRead 
(node:internal/stream_base_commons:189:23)[39m
